// Jest Snapshot v1, https://goo.gl/fbAQLP

exports[`CardDetails should match the snapshot with all the data passed in 1`] = `undefined`;

exports[`CardDetails should match the snapshot with all the data passed in 2`] = `undefined`;
