// Jest Snapshot v1, https://goo.gl/fbAQLP

exports[`Favorites should match the snapshot with all the data passed in 1`] = `
<h2>
  Favorites
</h2>
`;
