// Jest Snapshot v1, https://goo.gl/fbAQLP

exports[`Login should match the snapshot with all the data passed in 1`] = `
<form
  className="user-form"
  onSubmit={[Function]}
>
  <h2>
    Login
  </h2>
  <p
    className="error"
  >
    Email and Password do not match
  </p>
  <label
    htmlFor="email"
  >
    Email
  </label>
  <input
    id="email"
    name="email"
    onChange={[Function]}
    placeholder="Email"
    type="email"
  />
  <label
    htmlFor="password"
  >
    Password
  </label>
  <input
    id="password"
    name="password"
    onChange={[Function]}
    placeholder="Password"
    type="password"
  />
  <button>
    Login 
    <i
      class="fas fa-angle-right"
    />
  </button>
</form>
`;
